# grid: 5 capacities x 4 overflow classes x 10 mixes
## N=4 (tiny), overflow=just_over
   p=  5% rows=200000  p_hand      9.6  i1     11.7  i4     10.5 ns/row   (p_real     15.6)
   p= 10% rows=200000  p_hand      9.3  i1     11.6  i4      9.7 ns/row   (p_real     15.7)
   p= 20% rows=200000  p_hand      9.5  i1     12.7  i4      9.8 ns/row   (p_real     15.2)
   p= 33% rows=200000  p_hand      9.5  i1     13.0  i4     10.4 ns/row   (p_real     15.2)
   p= 50% rows=200000  p_hand      9.4  i1     13.7  i4      9.5 ns/row   (p_real     15.4)
   p= 66% rows=200000  p_hand      9.5  i1     12.4  i4      9.6 ns/row   (p_real     15.1)
   p= 80% rows=200000  p_hand      9.5  i1     10.9  i4     10.1 ns/row   (p_real     15.7)
   p= 90% rows=200000  p_hand      8.9  i1      9.5  i4      9.0 ns/row   (p_real     15.6)
   p= 99% rows=200000  p_hand      8.2  i1      8.3  i4      8.5 ns/row   (p_real     14.9)
   p=100% rows=200000  p_hand      8.1  i1      8.3  i4      8.5 ns/row   (p_real     14.4)
## N=4 (tiny), overflow=larger
   p=  5% rows=200000  p_hand     13.7  i1     16.3  i4     16.5 ns/row   (p_real     21.0)
   p= 10% rows=200000  p_hand     13.5  i1     16.4  i4     16.5 ns/row   (p_real     20.9)
   p= 20% rows=200000  p_hand     13.5  i1     16.4  i4     15.5 ns/row   (p_real     20.6)
   p= 33% rows=200000  p_hand     12.6  i1     16.5  i4     14.7 ns/row   (p_real     20.3)
   p= 50% rows=200000  p_hand     11.8  i1     16.5  i4     13.6 ns/row   (p_real     18.8)
   p= 66% rows=200000  p_hand     11.1  i1     13.9  i4     12.2 ns/row   (p_real     18.2)
   p= 80% rows=200000  p_hand     10.6  i1     11.9  i4     10.8 ns/row   (p_real     18.3)
   p= 90% rows=200000  p_hand      9.4  i1     10.1  i4      9.8 ns/row   (p_real     17.0)
   p= 99% rows=200000  p_hand      8.3  i1      8.4  i4      8.6 ns/row   (p_real     14.6)
   p=100% rows=200000  p_hand      8.1  i1      8.2  i4      8.5 ns/row   (p_real     14.2)
## N=4 (tiny), overflow=very_large
   p=  5% rows=200000  p_hand     24.7  i1     27.5  i4     28.7 ns/row   (p_real     31.1)
   p= 10% rows=200000  p_hand     22.9  i1     26.2  i4     26.5 ns/row   (p_real     29.8)
   p= 20% rows=200000  p_hand     22.2  i1     26.9  i4     25.5 ns/row   (p_real     29.0)
   p= 33% rows=200000  p_hand     19.8  i1     23.7  i4     24.2 ns/row   (p_real     27.6)
   p= 50% rows=200000  p_hand     17.4  i1     21.5  i4     22.6 ns/row   (p_real     25.4)
   p= 66% rows=200000  p_hand     14.7  i1     17.6  i4     17.8 ns/row   (p_real     22.6)
   p= 80% rows=200000  p_hand     13.4  i1     14.4  i4     14.6 ns/row   (p_real     21.1)
   p= 90% rows=200000  p_hand     10.5  i1     11.1  i4     11.3 ns/row   (p_real     17.7)
   p= 99% rows=200000  p_hand      8.6  i1      8.5  i4      8.7 ns/row   (p_real     15.1)
   p=100% rows=200000  p_hand      8.1  i1      8.2  i4      8.5 ns/row   (p_real     14.6)
## N=4 (tiny), overflow=massive
   p=  5% rows=137952  p_hand     89.9  i1    101.1  i4     99.9 ns/row   (p_real     99.3)
   p= 10% rows=145596  p_hand     87.9  i1    100.4  i4     94.3 ns/row   (p_real    107.4)
   p= 20% rows=163740  p_hand     82.0  i1     82.1  i4     83.3 ns/row   (p_real    101.8)
   p= 33% rows=195394  p_hand     72.4  i1     72.9  i4     72.4 ns/row   (p_real     78.0)
   p= 50% rows=200000  p_hand     52.7  i1     56.0  i4     58.2 ns/row   (p_real     64.8)
   p= 66% rows=200000  p_hand     39.0  i1     43.9  i4     41.7 ns/row   (p_real     47.8)
   p= 80% rows=200000  p_hand     27.7  i1     28.8  i4     29.5 ns/row   (p_real     36.1)
   p= 90% rows=200000  p_hand     17.9  i1     18.9  i4     18.7 ns/row   (p_real     26.6)
   p= 99% rows=200000  p_hand      9.0  i1      9.0  i4      9.2 ns/row   (p_real     15.6)
   p=100% rows=200000  p_hand      8.1  i1      8.2  i4      8.5 ns/row   (p_real     14.3)
## N=16 (small), overflow=just_over
   p=  5% rows=200000  p_hand     14.4  i1     16.7  i4     14.6 ns/row   (p_real     20.4)
   p= 10% rows=200000  p_hand     14.4  i1     17.4  i4     15.9 ns/row   (p_real     20.8)
   p= 20% rows=200000  p_hand     14.3  i1     17.6  i4     16.1 ns/row   (p_real     20.1)
   p= 33% rows=200000  p_hand     14.6  i1     18.1  i4     15.4 ns/row   (p_real     22.0)
   p= 50% rows=200000  p_hand     14.6  i1     18.4  i4     15.7 ns/row   (p_real     20.8)
   p= 66% rows=200000  p_hand     14.1  i1     17.0  i4     16.5 ns/row   (p_real     20.0)
   p= 80% rows=200000  p_hand     13.2  i1     14.7  i4     15.8 ns/row   (p_real     20.0)
   p= 90% rows=200000  p_hand     13.1  i1     13.3  i4     15.4 ns/row   (p_real     20.6)
   p= 99% rows=200000  p_hand     12.0  i1     11.5  i4     13.7 ns/row   (p_real     17.9)
   p=100% rows=200000  p_hand     11.8  i1     11.5  i4     13.5 ns/row   (p_real     18.2)
## N=16 (small), overflow=larger
   p=  5% rows=200000  p_hand     18.9  i1     21.6  i4     23.8 ns/row   (p_real     27.1)
   p= 10% rows=200000  p_hand     19.3  i1     22.6  i4     24.4 ns/row   (p_real     24.9)
   p= 20% rows=200000  p_hand     18.9  i1     21.6  i4     22.9 ns/row   (p_real     25.7)
   p= 33% rows=200000  p_hand     18.1  i1     21.7  i4     22.1 ns/row   (p_real     24.5)
   p= 50% rows=200000  p_hand     17.2  i1     21.8  i4     21.0 ns/row   (p_real     24.3)
   p= 66% rows=200000  p_hand     17.5  i1     18.5  i4     18.5 ns/row   (p_real     23.5)
   p= 80% rows=200000  p_hand     14.2  i1     15.6  i4     16.5 ns/row   (p_real     20.5)
   p= 90% rows=200000  p_hand     13.1  i1     13.6  i4     15.1 ns/row   (p_real     20.6)
   p= 99% rows=200000  p_hand     11.9  i1     11.7  i4     13.6 ns/row   (p_real     19.5)
   p=100% rows=200000  p_hand     12.0  i1     11.4  i4     13.7 ns/row   (p_real     18.4)
## N=16 (small), overflow=very_large
   p=  5% rows=200000  p_hand     51.9  i1     54.0  i4     58.0 ns/row   (p_real     57.5)
   p= 10% rows=200000  p_hand     55.2  i1     54.9  i4     57.4 ns/row   (p_real     68.2)
   p= 20% rows=200000  p_hand     46.1  i1     48.8  i4     50.8 ns/row   (p_real     52.6)
   p= 33% rows=200000  p_hand     42.1  i1     44.2  i4     46.3 ns/row   (p_real     48.4)
   p= 50% rows=200000  p_hand     39.7  i1     39.4  i4     42.0 ns/row   (p_real     45.5)
   p= 66% rows=200000  p_hand     29.5  i1     31.6  i4     33.2 ns/row   (p_real     36.1)
   p= 80% rows=200000  p_hand     22.1  i1     23.4  i4     25.6 ns/row   (p_real     29.2)
   p= 90% rows=200000  p_hand     16.5  i1     17.1  i4     20.1 ns/row   (p_real     24.2)
   p= 99% rows=200000  p_hand     13.6  i1     13.1  i4     15.5 ns/row   (p_real     19.4)
   p=100% rows=200000  p_hand     12.0  i1     11.4  i4     13.1 ns/row   (p_real     17.9)
## N=16 (small), overflow=massive
   p=  5% rows= 34488  p_hand    334.6  i1    337.2  i4    341.9 ns/row   (p_real    343.5)
   p= 10% rows= 36400  p_hand    317.4  i1    321.5  i4    321.7 ns/row   (p_real    326.4)
   p= 20% rows= 40938  p_hand    284.4  i1    287.6  i4    287.6 ns/row   (p_real    291.4)
   p= 33% rows= 48857  p_hand    237.4  i1    243.5  i4    245.1 ns/row   (p_real    250.6)
   p= 50% rows= 65400  p_hand    184.1  i1    186.7  i4    190.0 ns/row   (p_real    191.6)
   p= 66% rows= 95989  p_hand    130.1  i1    132.8  i4    134.6 ns/row   (p_real    136.9)
   p= 80% rows=162491  p_hand     81.5  i1     83.2  i4     85.3 ns/row   (p_real     89.1)
   p= 90% rows=200000  p_hand     45.8  i1     47.2  i4     49.6 ns/row   (p_real     52.2)
   p= 99% rows=200000  p_hand     14.8  i1     14.4  i4     17.7 ns/row   (p_real     22.7)
   p=100% rows=200000  p_hand     13.0  i1     11.4  i4     13.3 ns/row   (p_real     20.7)
## N=64 (modest), overflow=just_over
   p=  5% rows=200000  p_hand     21.5  i1     27.5  i4     30.8 ns/row   (p_real     28.4)
   p= 10% rows=200000  p_hand     21.3  i1     27.5  i4     30.7 ns/row   (p_real     28.2)
   p= 20% rows=200000  p_hand     20.9  i1     27.7  i4     30.8 ns/row   (p_real     28.1)
   p= 33% rows=200000  p_hand     20.3  i1     27.9  i4     31.2 ns/row   (p_real     27.5)
   p= 50% rows=200000  p_hand     19.5  i1     27.4  i4     31.2 ns/row   (p_real     27.0)
   p= 66% rows=200000  p_hand     20.2  i1     25.0  i4     31.2 ns/row   (p_real     26.9)
   p= 80% rows=200000  p_hand     18.7  i1     21.6  i4     31.3 ns/row   (p_real     25.5)
   p= 90% rows=200000  p_hand     18.0  i1     19.7  i4     33.2 ns/row   (p_real     24.8)
   p= 99% rows=200000  p_hand     17.1  i1     17.6  i4     33.8 ns/row   (p_real     23.8)
   p=100% rows=200000  p_hand     17.0  i1     17.3  i4     33.3 ns/row   (p_real     23.0)
## N=64 (modest), overflow=larger
   p=  5% rows=200000  p_hand     33.3  i1     38.4  i4     46.3 ns/row   (p_real     39.3)
   p= 10% rows=200000  p_hand     32.6  i1     38.1  i4     46.3 ns/row   (p_real     38.8)
   p= 20% rows=200000  p_hand     31.2  i1     37.2  i4     44.2 ns/row   (p_real     37.7)
   p= 33% rows=200000  p_hand     29.4  i1     35.8  i4     42.3 ns/row   (p_real     35.7)
   p= 50% rows=200000  p_hand     26.6  i1     33.2  i4     39.5 ns/row   (p_real     33.2)
   p= 66% rows=200000  p_hand     24.1  i1     29.1  i4     36.8 ns/row   (p_real     30.6)
   p= 80% rows=200000  p_hand     21.1  i1     24.8  i4     35.6 ns/row   (p_real     28.8)
   p= 90% rows=200000  p_hand     19.1  i1     20.9  i4     34.9 ns/row   (p_real     26.6)
   p= 99% rows=200000  p_hand     18.3  i1     19.2  i4     35.7 ns/row   (p_real     25.2)
   p=100% rows=200000  p_hand     17.0  i1     17.4  i4     33.6 ns/row   (p_real     23.3)
## N=64 (modest), overflow=very_large
   p=  5% rows= 68927  p_hand    172.2  i1    173.2  i4    189.9 ns/row   (p_real    181.9)
   p= 10% rows= 72689  p_hand    160.8  i1    166.0  i4    181.8 ns/row   (p_real    172.6)
   p= 20% rows= 81596  p_hand    144.6  i1    149.8  i4    165.7 ns/row   (p_real    155.6)
   p= 33% rows= 97056  p_hand    123.2  i1    129.5  i4    145.4 ns/row   (p_real    134.1)
   p= 50% rows=129024  p_hand     98.2  i1    104.7  i4    121.6 ns/row   (p_real    106.3)
   p= 66% rows=186992  p_hand     71.6  i1     76.6  i4     93.5 ns/row   (p_real     78.6)
   p= 80% rows=200000  p_hand     50.2  i1     52.7  i4     68.8 ns/row   (p_real     58.0)
   p= 90% rows=200000  p_hand     35.1  i1     36.3  i4     51.8 ns/row   (p_real     42.9)
   p= 99% rows=200000  p_hand     18.6  i1     19.2  i4     35.6 ns/row   (p_real     26.6)
   p=100% rows=200000  p_hand     17.0  i1     17.5  i4     33.8 ns/row   (p_real     23.3)
## N=64 (modest), overflow=massive
   p=  5% rows=  8622  p_hand   1314.7  i1   1383.0  i4   1361.9 ns/row   (p_real   1314.4)
   p= 10% rows=  9100  p_hand   1253.3  i1   1259.6  i4   1268.5 ns/row   (p_real   1265.2)
   p= 20% rows= 10234  p_hand   1105.3  i1   1110.5  i4   1131.9 ns/row   (p_real   1116.6)
   p= 33% rows= 12214  p_hand    941.8  i1    946.9  i4    973.6 ns/row   (p_real    942.5)
   p= 50% rows= 16351  p_hand    698.4  i1    706.8  i4    723.1 ns/row   (p_real    704.6)
   p= 66% rows= 24001  p_hand    486.3  i1    491.7  i4    506.4 ns/row   (p_real    498.1)
   p= 80% rows= 40637  p_hand    292.8  i1    297.5  i4    311.7 ns/row   (p_real    299.7)
   p= 90% rows= 80483  p_hand    156.3  i1    159.5  i4    174.0 ns/row   (p_real    165.3)
   p= 99% rows=200000  p_hand     32.5  i1     32.5  i4     48.0 ns/row   (p_real     40.6)
   p=100% rows=200000  p_hand     17.0  i1     17.3  i4     33.9 ns/row   (p_real     23.7)
## N=256 (large), overflow=just_over
   p=  5% rows=200000  p_hand     43.2  i1     67.5  i4     94.9 ns/row   (p_real     48.8)
   p= 10% rows=200000  p_hand     42.5  i1     66.0  i4     95.1 ns/row   (p_real     48.3)
   p= 20% rows=200000  p_hand     40.5  i1     61.6  i4     95.2 ns/row   (p_real     46.3)
   p= 33% rows=200000  p_hand     38.1  i1     56.2  i4     94.4 ns/row   (p_real     43.8)
   p= 50% rows=200000  p_hand     35.7  i1     51.5  i4     94.9 ns/row   (p_real     41.7)
   p= 66% rows=200000  p_hand     32.3  i1     45.3  i4    105.1 ns/row   (p_real     38.5)
   p= 80% rows=200000  p_hand     29.7  i1     40.2  i4     92.4 ns/row   (p_real     35.9)
   p= 90% rows=200000  p_hand     27.7  i1     36.6  i4     91.1 ns/row   (p_real     34.1)
   p= 99% rows=200000  p_hand     25.7  i1     32.9  i4     85.1 ns/row   (p_real     32.6)
   p=100% rows=200000  p_hand     25.5  i1     32.4  i4     84.6 ns/row   (p_real     31.9)
## N=256 (large), overflow=larger
   p=  5% rows=137065  p_hand     90.4  i1    113.2  i4    137.1 ns/row   (p_real     97.4)
   p= 10% rows=143632  p_hand     87.3  i1    109.1  i4    134.8 ns/row   (p_real     94.7)
   p= 20% rows=158856  p_hand     80.5  i1    100.5  i4    129.1 ns/row   (p_real     88.1)
   p= 33% rows=184242  p_hand     71.5  i1     89.2  i4    123.2 ns/row   (p_real     78.0)
   p= 50% rows=200000  p_hand     60.0  i1     75.5  i4    115.7 ns/row   (p_real     67.0)
   p= 66% rows=200000  p_hand     49.1  i1     61.9  i4    108.2 ns/row   (p_real     55.9)
   p= 80% rows=200000  p_hand     39.5  i1     49.7  i4    100.7 ns/row   (p_real     46.8)
   p= 90% rows=200000  p_hand     33.0  i1     41.3  i4     93.8 ns/row   (p_real     39.5)
   p= 99% rows=200000  p_hand     26.5  i1     33.6  i4     85.8 ns/row   (p_real     33.3)
   p=100% rows=200000  p_hand     25.7  i1     32.7  i4     85.0 ns/row   (p_real     32.6)
## N=256 (large), overflow=very_large
   p=  5% rows= 17232  p_hand    667.0  i1    687.0  i4    804.7 ns/row   (p_real    674.4)
   p= 10% rows= 18172  p_hand    632.4  i1    651.3  i4    766.5 ns/row   (p_real    637.9)
   p= 20% rows= 20400  p_hand    556.4  i1    577.0  i4    688.2 ns/row   (p_real    567.2)
   p= 33% rows= 24266  p_hand    472.1  i1    493.9  i4    601.0 ns/row   (p_real    486.6)
   p= 50% rows= 32261  p_hand    351.6  i1    368.9  i4    449.4 ns/row   (p_real    361.0)
   p= 66% rows= 46764  p_hand    262.9  i1    307.4  i4    329.2 ns/row   (p_real    263.0)
   p= 80% rows= 77083  p_hand    159.0  i1    168.6  i4    228.8 ns/row   (p_real    167.2)
   p= 90% rows=143571  p_hand     92.5  i1    100.6  i4    155.3 ns/row   (p_real     99.6)
   p= 99% rows=200000  p_hand     32.6  i1     39.4  i4     92.0 ns/row   (p_real     40.2)
   p=100% rows=200000  p_hand     25.5  i1     32.5  i4     84.1 ns/row   (p_real     31.7)
## N=256 (large), overflow=massive
   p=  5% rows=  2155  p_hand   5224.7  i1   5256.4  i4   5362.8 ns/row   (p_real   5246.3)
   p= 10% rows=  2275  p_hand   5051.6  i1   5050.0  i4   5168.1 ns/row   (p_real   5018.9)
   p= 20% rows=  2558  p_hand   4437.3  i1   4489.1  i4   4621.9 ns/row   (p_real   4466.8)
   p= 33% rows=  3053  p_hand   3789.1  i1   3784.1  i4   3918.5 ns/row   (p_real   3807.2)
   p= 50% rows=  4087  p_hand   2733.4  i1   2764.6  i4   2846.1 ns/row   (p_real   2728.3)
   p= 66% rows=  6000  p_hand   1914.4  i1   1936.4  i4   2002.3 ns/row   (p_real   1913.5)
   p= 80% rows= 10160  p_hand   1082.2  i1   1112.4  i4   1180.4 ns/row   (p_real   1111.6)
   p= 90% rows= 20124  p_hand    551.9  i1    561.0  i4    618.3 ns/row   (p_real    566.2)
   p= 99% rows=171507  p_hand     82.6  i1     88.9  i4    142.0 ns/row   (p_real     89.7)
   p=100% rows=200000  p_hand     25.3  i1     32.3  i4     84.5 ns/row   (p_real     32.0)
## N=1024 (huge), overflow=just_over
   p=  5% rows= 90364  p_hand    130.6  i1    221.4  i4    329.1 ns/row   (p_real    136.8)
   p= 10% rows= 93590  p_hand    127.1  i1    215.6  i4    328.4 ns/row   (p_real    132.8)
   p= 20% rows=100786  p_hand    119.0  i1    203.5  i4    325.0 ns/row   (p_real    124.8)
   p= 33% rows=111980  p_hand    108.2  i1    186.5  i4    320.7 ns/row   (p_real    115.3)
   p= 50% rows=131008  p_hand     95.0  i1    158.7  i4    327.5 ns/row   (p_real    101.2)
   p= 66% rows=155947  p_hand     83.2  i1    136.4  i4    317.6 ns/row   (p_real     89.0)
   p= 80% rows=187115  p_hand     71.3  i1    117.7  i4    301.6 ns/row   (p_real     78.4)
   p= 90% rows=200000  p_hand     63.2  i1    105.3  i4    295.8 ns/row   (p_real     69.6)
   p= 99% rows=200000  p_hand     56.1  i1     94.2  i4    289.1 ns/row   (p_real     62.2)
   p=100% rows=200000  p_hand     55.1  i1     92.7  i4    288.4 ns/row   (p_real     62.0)
## N=1024 (huge), overflow=larger
   p=  5% rows= 34266  p_hand    330.0  i1    456.5  i4    506.3 ns/row   (p_real    337.4)
   p= 10% rows= 35909  p_hand    321.9  i1    431.8  i4    497.3 ns/row   (p_real    334.3)
   p= 20% rows= 39717  p_hand    293.8  i1    387.4  i4    476.9 ns/row   (p_real    303.1)
   p= 33% rows= 46068  p_hand    252.5  i1    333.7  i4    443.8 ns/row   (p_real    259.8)
   p= 50% rows= 58247  p_hand    213.9  i1    276.9  i4    408.4 ns/row   (p_real    213.6)
   p= 66% rows= 77542  p_hand    156.7  i1    209.9  i4    375.9 ns/row   (p_real    163.7)
   p= 80% rows=109191  p_hand    116.0  i1    161.8  i4    341.6 ns/row   (p_real    121.9)
   p= 90% rows=154122  p_hand     84.6  i1    126.9  i4    314.9 ns/row   (p_real     95.9)
   p= 99% rows=200000  p_hand     58.9  i1     97.8  i4    293.9 ns/row   (p_real     64.3)
   p=100% rows=200000  p_hand     55.7  i1     94.5  i4    288.7 ns/row   (p_real     62.5)
## N=1024 (huge), overflow=very_large
   p=  5% rows=  4308  p_hand   2625.7  i1   2747.1  i4   2886.5 ns/row   (p_real   2618.1)
   p= 10% rows=  4543  p_hand   2503.3  i1   2615.7  i4   2759.2 ns/row   (p_real   2559.6)
   p= 20% rows=  5100  p_hand   2215.1  i1   2330.4  i4   2492.1 ns/row   (p_real   2223.2)
   p= 33% rows=  6066  p_hand   1873.8  i1   1943.8  i4   2144.1 ns/row   (p_real   1890.5)
   p= 50% rows=  8065  p_hand   1429.0  i1   1541.1  i4   1737.8 ns/row   (p_real   1431.8)
   p= 66% rows= 11692  p_hand    959.2  i1   1009.2  i4   1201.7 ns/row   (p_real    969.1)
   p= 80% rows= 19274  p_hand    598.7  i1    645.1  i4    829.9 ns/row   (p_real    602.7)
   p= 90% rows= 35905  p_hand    332.0  i1    376.2  i4    575.3 ns/row   (p_real    343.6)
   p= 99% rows=160729  p_hand     83.1  i1    122.9  i4    321.7 ns/row   (p_real     89.3)
   p=100% rows=200000  p_hand     55.2  i1     92.9  i4    290.4 ns/row   (p_real     61.7)
## N=1024 (huge), overflow=massive
   p=  5% rows=  2000  p_hand  20464.1  i1  20773.0  i4  20808.6 ns/row   (p_real  21007.5)
   p= 10% rows=  2000  p_hand  19763.0  i1  20227.7  i4  20270.5 ns/row   (p_real  20083.7)
   p= 20% rows=  2000  p_hand  17639.1  i1  17775.9  i4  17980.4 ns/row   (p_real  17732.5)
   p= 33% rows=  2000  p_hand  15667.8  i1  15764.7  i4  15659.1 ns/row   (p_real  15515.1)
   p= 50% rows=  2000  p_hand  10964.5  i1  10981.5  i4  11132.5 ns/row   (p_real  11694.7)
   p= 66% rows=  2000  p_hand   7572.0  i1   7595.8  i4   7727.2 ns/row   (p_real   7579.1)
   p= 80% rows=  2540  p_hand   4713.8  i1   4780.9  i4   4966.6 ns/row   (p_real   4762.3)
   p= 90% rows=  5031  p_hand   2418.3  i1   2449.1  i4   2651.4 ns/row   (p_real   2422.0)
   p= 99% rows= 42897  p_hand    263.9  i1    304.7  i4    496.2 ns/row   (p_real    272.9)
   p=100% rows=200000  p_hand     55.1  i1     92.8  i4    289.1 ns/row   (p_real     61.3)
# step vs slope — N=16, overflow=larger, p=50
  rows=   1000  p_hand    55.7  i1    72.3  i4    75.4 ns/row
  rows=  10000  p_hand    23.8  i1    29.4  i4    26.6 ns/row
  rows= 100000  p_hand    17.2  i1    20.6  i4    19.7 ns/row
  rows=1000000  p_hand    17.5  i1    21.3  i4    21.0 ns/row
# control drift across 200 rounds: 77.5%
EXIT=0
