---
source: tests/snapshot_tests.rs
expression: file.content
---
use serde::{Deserialize, Serialize};
use uuid::Uuid;
#[derive(Debug, Deserialize)]
pub struct CreateUserRequest {
    pub email: String,
    pub name: String,
}
#[derive(Debug, Deserialize)]
pub struct UpdateUserRequest {
    pub email: Option<String>,
    pub name: Option<String>,
}
#[derive(Debug, Serialize)]
pub struct UserResponse {
    pub id: Uuid,
    pub email: String,
    pub name: String,
}
